{"0": "a7f74f0a76a371fd7838cb5713d3152c", "1": "66382250203fb647e7a0d8ebedc30329", "2": "18ec456a4155c2aa979cc7a2e445dc6d", "3": "51ccca76f39e0913c43d933b1a6a232e"}