{"0": "945212a0367783637fc5f11dde5e6d07", "1": "66382250203fb647e7a0d8ebedc30329", "2": "18ec456a4155c2aa979cc7a2e445dc6d", "3": null}