{"0": "0e113dbde87cb2cc586c1900980e4353", "1": "945212a0367783637fc5f11dde5e6d07", "2": "18ec456a4155c2aa979cc7a2e445dc6d", "3": "51ccca76f39e0913c43d933b1a6a232e"}