{ "response": 400, "message": "No game in progress" }