{ "response": 400, "message": "Game is already full" }