{ "response": 200, "message": "You are already in game" }