{"3": null, "0": "a7f74f0a76a371fd7838cb5713d3152c", "2": null, "1": "945212a0367783637fc5f11dde5e6d07"}