{"0": "945212a0367783637fc5f11dde5e6d07", "1": null, "2": null, "3": null}