{ "response": 400, "message": "Game is currently in progress" }