{"cards": [], "players": {"players": [{"tokens": 11, "cards": [], "number": 0}, {"tokens": 11, "cards": [], "number": 1}, {"tokens": 11, "cards": [], "number": 2}, {"tokens": 11, "cards": [], "number": 3}], "index": 0}}