{ "response": 200, "message": "Waiting for players" }