{ "response": 200, "message": "No game has been started" }